# Outer
<custom-element>
  ## Inner
</custom-element>