<section>
    # Pizza Make order
    ## Margherita
    with tomatoes basil.
    <button>Add</button>
    ## Capricciosa
    with ham, artichokes, olives.
    <button>Add</button>
</section>