<section>
  # Our Pizza
  <div>
    ## Margherita
    A simple classic
    <button>Add</button>
    ## Capricciosa
    A rich taste
    <button>Add</button>
  </div>
</section>