<section tabindex="3" type="example" class="container" required="true">
  # Our Pizza
  <div class="shadow-lg">
    ## Margherita
    A simple classic mozzarela tomatoes and basil
    <button type="button">Add</button>
    ## Capricciosa
    A rich taste A true favourite
    <button type="button">Add</button>
  </div>
</section>