# Our Pizza
## Margherita
A simple classic mozzarela tomatoes and basil An everyday choice
<button>Add</button>
## Capricciosa
A rich taste mozzarella ham mushrooms artichokes and olives A true favourite
<button>Add</button>